#-----------------------------------------------------------
# Vivado v2020.2 (64-bit)
# SW Build 3064766 on Wed Nov 18 09:12:45 MST 2020
# IP Build 3064653 on Wed Nov 18 14:17:31 MST 2020
# Start of session at: Sun Apr 16 22:04:15 2023
# Process ID: 32032
# Current directory: C:/Users/jwolf/OneDrive/Documents/GitHub/ECE562_Project/risc-v-main/vivado/cmod_artix7-15t
# Command line: vivado.exe -gui_launcher_event rodinguilauncherevent14316 C:\Users\jwolf\OneDrive\Documents\GitHub\ECE562_Project\risc-v-main\vivado\cmod_artix7-15t\RISC-V.xpr
# Log file: C:/Users/jwolf/OneDrive/Documents/GitHub/ECE562_Project/risc-v-main/vivado/cmod_artix7-15t/vivado.log
# Journal file: C:/Users/jwolf/OneDrive/Documents/GitHub/ECE562_Project/risc-v-main/vivado/cmod_artix7-15t\vivado.jou
#-----------------------------------------------------------
start_gui
open_project C:/Users/jwolf/OneDrive/Documents/GitHub/ECE562_Project/risc-v-main/vivado/cmod_artix7-15t/RISC-V.xpr
update_compile_order -fileset sources_1
reset_run impl_1
launch_runs impl_1 -jobs 4
wait_on_run impl_1
open_run impl_1
